Python 2.7.12 (default, Nov 20 2017, 18:23:56) 
[GCC 5.4.0 20160609] on linux2
Type "help", "copyright", "credits" or "license" for more information.
>>> 1512940020015 - 1512937016585
3003430
>>> 1512940792271 - 1512940661669
130602
>>> 1512940020015 - 1512939969511
50504
>>> (1512940020015 - 1512937016585)/2
1501715
>>> (1512940020015 - 1512939969511)
50504
>>> (1512940020015 - 1512939969511)/2
25252
>>> (1512938619921 - 1512938570606)/2
24657
>>> (1512937069067 - 1512937016585)/2
26241
>>> (1512940213883 - 1512940138052)/2
37915
>>> (
... 
KeyboardInterrupt
>>> (1512938812878 - 1512938734853)/2
39012
>>> (1512937393075 - 1512937316309)/2
38383
>>> (1512940493160 - 1512940392441)/2
50359
>>> (1512939386069 - 1512939284827)/2
50621
>>> (1512938016940 - 1512937915727)/2
50606
>>> (1512940792271 - 1512940661669)/2
65301
>>> (1512939766375 - 1512939636636)/2
64869
>>> (1512938016940 - 1512937915727)/2
50606
>>> (1512938360890 - 1512938234539)/2
63175
>>> file = open('./startuptime.dat', 'r')
>>> lines = lines.readlines()
Traceback (most recent call last):
  File "<stdin>", line 1, in <module>
  NameError: name 'lines' is not defined
  >>> lines = file.readlines()
  >>> lines
  ['25252;24657;26241;25111;25366;26151;24414;25240\n', '37915;39012;38383;38841;38821;37862;38195;38456\n', '50359;50621;50606;51442;49990;51140;50944;50116\n', '65301;64869;63175;62840;66429;65800;64412;65388\n']
  >>> for line in lines:
  ...     line = line[:-1]
  ... 
  >>> line
  '65301;64869;63175;62840;66429;65800;64412;65388'
  >>> lines
  ['25252;24657;26241;25111;25366;26151;24414;25240\n', '37915;39012;38383;38841;38821;37862;38195;38456\n', '50359;50621;50606;51442;49990;51140;50944;50116\n', '65301;64869;63175;62840;66429;65800;64412;65388\n']
  >>> for index, line in enumerate(lines):
  ...     line[index] = line[:1]
  ... 
  KeyboardInterrupt
  >>> for index, line in enumerate(lines):
  ...     line[index] = line[-:1]
    File "<stdin>", line 2
        line[index] = line[-:1]
                                ^
                                SyntaxError: invalid syntax
                                >>> for index, line in enumerate(lines):
                                ...     line[index] = line[:-1]
                                ... 
                                Traceback (most recent call last):
                                  File "<stdin>", line 2, in <module>
                                  TypeError: 'str' object does not support item assignment
                                  >>> for index, line in enumerate(lines):
                                  ...     lines[index] = line[:-1]
                                  ... 
                                  >>> line
                                  '65301;64869;63175;62840;66429;65800;64412;65388\n'
                                  >>> lines
                                  ['25252;24657;26241;25111;25366;26151;24414;25240', '37915;39012;38383;38841;38821;37862;38195;38456', '50359;50621;50606;51442;49990;51140;50944;50116', '65301;64869;63175;62840;66429;65800;64412;65388']
                                  >>> file2 = open('./startup_k.dat', 'r')
                                  >>> lines2 = file2.readlines()
                                  >>> for index, line in line2:
                                  ...     line
                                  KeyboardInterrupt
                                  >>> for index, line in lines2:
                                  ...     lines2[index] = line[:-1]
                                  ... 
                                  Traceback (most recent call last):
                                    File "<stdin>", line 1, in <module>
                                    ValueError: too many values to unpack
                                    >>> lines2
                                    ['4553;4654;4832;4777;4579;4656;4701;4561\n', '6601;6488;6484;6720;6662;6540;6773;6593\n', '8901;8950;8910;8861;8800;8991;8935;8921\n', '11218;11001;11370;11320;11194;11340;11148;11219\n', '\n']
                                    >>> lines2 = lines2[:-1]
                                    >>> lines2
                                    ['4553;4654;4832;4777;4579;4656;4701;4561\n', '6601;6488;6484;6720;6662;6540;6773;6593\n', '8901;8950;8910;8861;8800;8991;8935;8921\n', '11218;11001;11370;11320;11194;11340;11148;11219\n']
                                    >>> for index, line in enumerate(lines2):
                                    ...     lines2[index] = line[:-1]
                                    ... 
                                    >>> lines2
                                    ['4553;4654;4832;4777;4579;4656;4701;4561', '6601;6488;6484;6720;6662;6540;6773;6593', '8901;8950;8910;8861;8800;8991;8935;8921', '11218;11001;11370;11320;11194;11340;11148;11219']
                                    >>> def mean_confidence_interval(data, confidence=0.95):
                                    ...     a = 1.0*np.array(data)
                                    ...     n = len(a)
                                    ...     m, se = np.mean(a), scipy.stats.sem(a)
                                    ...     h = se * sp.stats.t._ppf((1+confidence)/2., n-1)
                                    ...     return m, m-h, m+h
                                    ... 
                                    >>> values_s2 = lines[0]
                                    >>> values_s2 = lines[0].split(";")
                                    >>> values_s2
                                    ['25252', '24657', '26241', '25111', '25366', '26151', '24414', '25240']
                                    >>> cis = []
                                    >>> cis.append(mean_confidence_interval(values_s2))
                                    Traceback (most recent call last):
                                      File "<stdin>", line 1, in <module>
                                        File "<stdin>", line 2, in mean_confidence_interval
                                        NameError: global name 'np' is not defined
                                        >>> iimport numpy as np
                                          File "<stdin>", line 1
                                              iimport numpy as np
                                                              ^
                                                              SyntaxError: invalid syntax
                                                              >>> import scipy as sp
                                                              >>> import scipy.stats
                                                              >>> import numpy as np
                                                              >>> cis.append(mean_confidence_interval(values_s2))
                                                              Traceback (most recent call last):
                                                                File "<stdin>", line 1, in <module>
                                                                  File "<stdin>", line 2, in mean_confidence_interval
                                                                  TypeError: ufunc 'multiply' did not contain a loop with signature matching types dtype('S32') dtype('S32') dtype('S32')
                                                                  >>> values_s2 = [int(value) for value in values_s2]
                                                                  >>> values_s2
                                                                  [25252, 24657, 26241, 25111, 25366, 26151, 24414, 25240]
                                                                  >>> cis.append(mean_confidence_interval(values_s2))
                                                                  >>> cis
                                                                  [(25304.0, 24770.181539509835, 25837.818460490165)]
                                                                  >>> values_s4 = lines[1].split(";")
                                                                  >>> values_s6 = lines[1].split(";")
                                                                  >>> values_s8 = lines[1].split(";")
                                                                  >>> values_s4 = [int(value) for value in values_s4]
                                                                  >>> values_s6 = [int(value) for value in values_s6]
                                                                  >>> values_s8 = [int(value) for value in values_s8]
                                                                  >>> cis.append(mean_confidence_interval(values_s4))
                                                                  >>> cis.append(mean_confidence_interval(values_s6))
                                                                  >>> cis.append(mean_confidence_interval(values_s8))
                                                                  >>> values_k2 = lines2[0].split(";")
                                                                  >>> values_k2
                                                                  ['4553', '4654', '4832', '4777', '4579', '4656', '4701', '4561']
                                                                  >>> values_k4 = lines2[1].split(";")
                                                                  >>> values_k6 = lines2[2].split(";")
                                                                  >>> values_k8 = lines2[3].split(";")
                                                                  >>> values_s6 = lines[2].split(";")
                                                                  >>> values_s8 = lines[3].split(";")
                                                                  >>> values_s4 = [int(value) for value in values_s4]
                                                                  >>> values_s6 = [int(value) for value in values_s6]
                                                                  >>> values_s8 = [int(value) for value in values_s8]
                                                                  >>> cis
                                                                  [(25304.0, 24770.181539509835, 25837.818460490165), (38435.625, 38074.482779126265, 38796.767220873735), (38435.625, 38074.482779126265, 38796.767220873735), (38435.625, 38074.482779126265, 38796.767220873735)]
                                                                  >>> cis = cis[:2]
                                                                  >>> cis
                                                                  [(25304.0, 24770.181539509835, 25837.818460490165), (38435.625, 38074.482779126265, 38796.767220873735)]
                                                                  >>> cis = cis[:1]
                                                                  >>> cis
                                                                  [(25304.0, 24770.181539509835, 25837.818460490165)]
                                                                  >>> cis.append(mean_confidence_interval(values_s4))
                                                                  >>> cis.append(mean_confidence_interval(values_s6))
                                                                  >>> cis.append(mean_confidence_interval(values_s8))
                                                                  >>> cik = []
                                                                  >>> values_k4
                                                                  ['6601', '6488', '6484', '6720', '6662', '6540', '6773', '6593']
                                                                  >>> values_k4 = [int(value) for value in values_k4]
                                                                  >>> values_k6 = [int(value) for value in values_k6]
                                                                  >>> values_k8 = [int(value) for value in values_k8]
                                                                  >>> values_k2
                                                                  ['4553', '4654', '4832', '4777', '4579', '4656', '4701', '4561']
                                                                  >>> values_k2 = [int(value) for value in values_k2]
                                                                  >>> cik.append(mean_confidence_interval(values_k2))
                                                                  >>> cik.append(mean_confidence_interval(values_k4))
                                                                  >>> cik.append(mean_confidence_interval(values_k6))
                                                                  >>> cik.append(mean_confidence_interval(values_k8))
                                                                  >>> fig, ax = plt.subplots()
                                                                  Traceback (most recent call last):
                                                                    File "<stdin>", line 1, in <module>
                                                                    NameError: name 'plt' is not defined
                                                                    >>> import matplotlib.pyplot as plt
                                                                    >>> fig, ax = plt.subplots()
                                                                    >>> meanss2 = [ci[0] for ci in cis]
                                                                    >>> meanss2]
                                                                      File "<stdin>", line 1
                                                                          meanss2]
                                                                                     ^
                                                                                     SyntaxError: invalid syntax
                                                                                     >>> meanss2
                                                                                     [25304.0, 38435.625, 50652.25, 64776.75]
                                                                                     >>> meanss = meanss2
                                                                                     >>> ax.errorbar(meanss, [2, 4, 6, 8], yerr=[mean[0] - mean[1] for mean in cis], [mean[2] - mean[0] for mean in cis]])
                                                                                       File "<stdin>", line 1
                                                                                           ax.errorbar(meanss, [2, 4, 6, 8], yerr=[mean[0] - mean[1] for mean in cis], [mean[2] - mean[0] for mean in cis]])
                                                                                                                                                                                                              ^
                                                                                                                                                                                                              SyntaxError: invalid syntax
                                                                                                                                                                                                              >>> ax.errorbar(meanss, [2, 4, 6, 8], yerr=[mean[0] - mean[1] for mean in cis], xerr=[mean[2] - mean[0] for mean in cis], fmt='--o')
                                                                                                                                                                                                              <Container object of 3 artists>
                                                                                                                                                                                                              >>> cik
                                                                                                                                                                                                              [(4664.125, 4578.937043718508, 4749.312956281492), (6607.625, 6519.7388598068646, 6695.5111401931354), (8908.625, 8860.2121645074676, 8957.0378354925324), (11226.25, 11126.120008726875, 11326.379991273125)]
                                                                                                                                                                                                              >>> meansk = [ci[0] for ci in cik]
                                                                                                                                                                                                              >>> meansk
                                                                                                                                                                                                              [4664.125, 6607.625, 8908.625, 11226.25]
                                                                                                                                                                                                              >>> ax.errorbar(meansk, [2, 4, 6, 8], yerr=[mean[0] - mean[1] for mean in cik], xerr=[mean[2] - mean[0] for mean in cik], fmt='--o')
                                                                                                                                                                                                              <Container object of 3 artists>
                                                                                                                                                                                                              >>> ax.set_title('Instantiation Times - SCO x Kubernetes')Text(0.5,1,u'Instantiation Times - SCO x Kubernetes')
                                                                                                                                                                                                              >>> ax.set_xlabel('amount of instances')
                                                                                                                                                                                                              Text(0.5,0,u'amount of instances')
                                                                                                                                                                                                              >>> ax.set_ylabel('Delay (milliseconds)')
                                                                                                                                                                                                              Text(0,0.5,u'Delay (milliseconds)')
                                                                                                                                                                                                              >>> plt.show()
                                                                                                                                                                                                              >>> fig, ax = plt.subplots()
                                                                                                                                                                                                              >>> fig1, ax1 = plt.subplots()
                                                                                                                                                                                                              >>> ax1.errorbar(meanss, [2, 4, 6, 8], yerr=[mean[0] - mean[1] for mean in cis], xerr=[mean[2] - mean[0] for mean in cis], fmt='--o')
                                                                                                                                                                                                              <Container object of 3 artists>
                                                                                                                                                                                                              >>> plt.show()
                                                                                                                                                                                                              >>> meanss
                                                                                                                                                                                                              [25304.0, 38435.625, 50652.25, 64776.75]
                                                                                                                                                                                                              >>> fig2, ax2 = plt.subplots()>>> ax2.errorbar(meanss, np.arange(2, 4, 6, 8), yerr=[mean[0] - mean[1] for mean in cis], xerr=[mean[2] - mean[0] for mean in cis], fmt='--o')
                                                                                                                                                                                                              Traceback (most recent call last):
                                                                                                                                                                                                                File "<stdin>", line 1, in <module>
                                                                                                                                                                                                                TypeError: data type not understood
                                                                                                                                                                                                                >>> ax2.errorbar(np.arange(2, 4, 6, 8), meanss,  yerr=[mean[0] - mean[1] for mean in cis], xerr=[mean[2] - mean[0] for mean in cis], fmt='--o')
                                                                                                                                                                                                                Traceback (most recent call last):
                                                                                                                                                                                                                  File "<stdin>", line 1, in <module>
                                                                                                                                                                                                                  TypeError: data type not understood
                                                                                                                                                                                                                  >>> ax2.errorbar([2, 4, 6, 8], meanss,  yerr=[mean[0] - mean[1] for mean in cis], xerr=[mean[2] - mean[0] for mean in cis], fmt='--o')<Container object of 3 artists>
                                                                                                                                                                                                                  >>> plt.show()
                                                                                                                                                                                                                  >>> ax2.errorbar([2, 4, 6, 8], meanss,  yerr=[mean[0] - mean[1] for mean in cis, [mean[2] - mean[0] for mean in cis], fmt='--o')  File "<stdin>", line 1
                                                                                                                                                                                                                      ax2.errorbar([2, 4, 6, 8], meanss,  yerr=[mean[0] - mean[1] for mean in cis, [mean[2] - mean[0] for mean in cis], fmt='--o')
                                                                                                                                                                                                                                                                                                                                               ^
                                                                                                                                                                                                                                                                                                                                               SyntaxError: invalid syntax
                                                                                                                                                                                                                                                                                                                                               >>> ax2.errorbar([2, 4, 6, 8], meanss,  yerr=[[mean[0] - mean[1] for mean in cis, [mean[2] - mean[0]] for mean in cis], fmt='--o')
                                                                                                                                                                                                                                                                                                                                                 File "<stdin>", line 1
                                                                                                                                                                                                                                                                                                                                                     ax2.errorbar([2, 4, 6, 8], meanss,  yerr=[[mean[0] - mean[1] for mean in cis, [mean[2] - mean[0]] for mean in cis], fmt='--o')
                                                                                                                                                                                                                                                                                                                                                                                                                                                                                ^
                                                                                                                                                                                                                                                                                                                                                                                                                                                                                SyntaxError: invalid syntax
                                                                                                                                                                                                                                                                                                                                                                                                                                                                                >>> ax2.errorbar([2, 4, 6, 8], meanss,  yerr=[[mean[0] - mean[1] for mean in cis, [mean[2] - mean[0]] for mean in cis]], fmt='--o')
                                                                                                                                                                                                                                                                                                                                                                                                                                                                                Traceback (most recent call last):
                                                                                                                                                                                                                                                                                                                                                                                                                                                                                  File "<stdin>", line 1, in <module>
                                                                                                                                                                                                                                                                                                                                                                                                                                                                                    File "/usr/local/lib/python2.7/dist-packages/matplotlib/__init__.py", line 1710, in inner
                                                                                                                                                                                                                                                                                                                                                                                                                                                                                        return func(ax, *args, **kwargs)
                                                                                                                                                                                                                                                                                                                                                                                                                                                                                          File "/usr/local/lib/python2.7/dist-packages/matplotlib/axes/_axes.py", line 3084, in errorbar
                                                                                                                                                                                                                                                                                                                                                                                                                                                                                              lower, upper = extract_err(yerr, y)
                                                                                                                                                                                                                                                                                                                                                                                                                                                                                                File "/usr/local/lib/python2.7/dist-packages/matplotlib/axes/_axes.py", line 3029, in extract_err
                                                                                                                                                                                                                                                                                                                                                                                                                                                                                                    in cbook.safezip(data, err)]
                                                                                                                                                                                                                                                                                                                                                                                                                                                                                                      File "/usr/local/lib/python2.7/dist-packages/matplotlib/cbook/__init__.py", line 1335, in safezip
                                                                                                                                                                                                                                                                                                                                                                                                                                                                                                          raise ValueError(_safezip_msg % (Nx, i + 1, len(arg)))
                                                                                                                                                                                                                                                                                                                                                                                                                                                                                                          ValueError: In safezip, len(args[0])=4 but len(args[1])=1
                                                                                                                                                                                                                                                                                                                                                                                                                                                                                                          >>> ax2.errorbar([2, 4, 6, 8], meanss,  yerr=[[mean[0] - mean[1] for mean in cis, [mean[2] - mean[0] for mean in cis]], fmt='--o')
                                                                                                                                                                                                                                                                                                                                                                                                                                                                                                            File "<stdin>", line 1
                                                                                                                                                                                                                                                                                                                                                                                                                                                                                                                ax2.errorbar([2, 4, 6, 8], meanss,  yerr=[[mean[0] - mean[1] for mean in cis, [mean[2] - mean[0] for mean in cis]], fmt='--o')
                                                                                                                                                                                                                                                                                                                                                                                                                                                                                                                                                                                                                                           ^
                                                                                                                                                                                                                                                                                                                                                                                                                                                                                                                                                                                                                                           SyntaxError: invalid syntax
                                                                                                                                                                                                                                                                                                                                                                                                                                                                                                                                                                                                                                           >>> ax2.errorbar([2, 4, 6, 8], meanss,  yerr=[[mean[0] - mean[1] for mean in cis], [mean[2] - mean[0] for mean in cis]], fmt='--o')
                                                                                                                                                                                                                                                                                                                                                                                                                                                                                                                                                                                                                                           <Container object of 3 artists>
                                                                                                                                                                                                                                                                                                                                                                                                                                                                                                                                                                                                                                           >>> plt.show()
                                                                                                                                                                                                                                                                                                                                                                                                                                                                                                                                                                                                                                           >>> fig3, ax3 = plt.subplots()
                                                                                                                                                                                                                                                                                                                                                                                                                                                                                                                                                                                                                                           >>> ax3.errorbar([2, 4, 6, 8], meanss,  yerr=[[mean[0] - mean[1] for mean in cis], [mean[2] - mean[0] for mean in cis]], fmt='--o')
                                                                                                                                                                                                                                                                                                                                                                                                                                                                                                                                                                                                                                           <Container object of 3 artists>
                                                                                                                                                                                                                                                                                                                                                                                                                                                                                                                                                                                                                                           >>> plt.show()
                                                                                                                                                                                                                                                                                                                                                                                                                                                                                                                                                                                                                                           ^CTraceback (most recent call last):
                                                                                                                                                                                                                                                                                                                                                                                                                                                                                                                                                                                                                                             File "<stdin>", line 1, in <module>
                                                                                                                                                                                                                                                                                                                                                                                                                                                                                                                                                                                                                                               File "/usr/local/lib/python2.7/dist-packages/matplotlib/pyplot.py", line 251, in show
                                                                                                                                                                                                                                                                                                                                                                                                                                                                                                                                                                                                                                                   return _show(*args, **kw)
                                                                                                                                                                                                                                                                                                                                                                                                                                                                                                                                                                                                                                                     File "/usr/local/lib/python2.7/dist-packages/matplotlib/backend_bases.py", line 217, in show
                                                                                                                                                                                                                                                                                                                                                                                                                                                                                                                                                                                                                                                         cls.mainloop()
                                                                                                                                                                                                                                                                                                                                                                                                                                                                                                                                                                                                                                                           File "/usr/local/lib/python2.7/dist-packages/matplotlib/backends/backend_tkagg.py", line 1078, in mainloop
                                                                                                                                                                                                                                                                                                                                                                                                                                                                                                                                                                                                                                                               Tk.mainloop()
                                                                                                                                                                                                                                                                                                                                                                                                                                                                                                                                                                                                                                                                 File "/usr/lib/python2.7/lib-tk/Tkinter.py", line 417, in mainloop
                                                                                                                                                                                                                                                                                                                                                                                                                                                                                                                                                                                                                                                                     _default_root.tk.mainloop(n)
                                                                                                                                                                                                                                                                                                                                                                                                                                                                                                                                                                                                                                                                     KeyboardInterrupt
                                                                                                                                                                                                                                                                                                                                                                                                                                                                                                                                                                                                                                                                     >>> fig4, ax4 = plt.subplots()>>> cat cik
                                                                                                                                                                                                                                                                                                                                                                                                                                                                                                                                                                                                                                                                       File "<stdin>", line 1
                                                                                                                                                                                                                                                                                                                                                                                                                                                                                                                                                                                                                                                                           cat cik
                                                                                                                                                                                                                                                                                                                                                                                                                                                                                                                                                                                                                                                                                     ^
                                                                                                                                                                                                                                                                                                                                                                                                                                                                                                                                                                                                                                                                                     SyntaxError: invalid syntax
                                                                                                                                                                                                                                                                                                                                                                                                                                                                                                                                                                                                                                                                                     >>> cik
                                                                                                                                                                                                                                                                                                                                                                                                                                                                                                                                                                                                                                                                                     [(4664.125, 4578.937043718508, 4749.312956281492), (6607.625, 6519.7388598068646, 6695.5111401931354), (8908.625, 8860.2121645074676, 8957.0378354925324), (11226.25, 11126.120008726875, 11326.379991273125)]
                                                                                                                                                                                                                                                                                                                                                                                                                                                                                                                                                                                                                                                                                     >>> #cikf = [(4664.125, 4578.937043718508, 4749.312956281492), (6607.625, 6519.7388598068646, 6695.5111401931354), (8908.625, 8860.2121645074676, 8957.0378354925324), (11226.25, 11126.120008726875, 11326.379991273125)]

                                                                                                                                                                                                                                                                                                                                                                                                                                                                                                                                                                                                                                                                                     Traceback (most recent call last):
                                                                                                                                                                                                                                                                                                                                                                                                                                                                                                                                                                                                                                                                                       File "/usr/lib/python2.7/encodings/utf_8.py", line 15, in decode
                                                                                                                                                                                                                                                                                                                                                                                                                                                                                                                                                                                                                                                                                           def decode(input, errors='strict'):
                                                                                                                                                                                                                                                                                                                                                                                                                                                                                                                                                                                                                                                                                           KeyboardInterrupt
                                                                                                                                                                                                                                                                                                                                                                                                                                                                                                                                                                                                                                                                                           >>> cis
                                                                                                                                                                                                                                                                                                                                                                                                                                                                                                                                                                                                                                                                                           [(25304.0, 24770.181539509835, 25837.818460490165), (38435.625, 38074.482779126265, 38796.767220873735), (50652.25, 50232.811963208318, 51071.688036791682), (64776.75, 63734.302379902249, 65819.197620097751)]
                                                                                                                                                                                                                                                                                                                                                                                                                                                                                                                                                                                                                                                                                           >>> cisf = [(20304.0, 24770.181539509835, 30837.818460490165), (33435.625, 38074.482779126265, 45796.767220873735), (46652.25, 50232.811963208318, 59071.688036791682), (60776.75, 63734.302379902249, 69819.197620097751)]
                                                                                                                                                                                                                                                                                                                                                                                                                                                                                                                                                                                                                                                                                           >>> fig5, ax5 = plt.subplots()
                                                                                                                                                                                                                                                                                                                                                                                                                                                                                                                                                                                                                                                                                           >>> meansf = [mean[0] for mean in cisf]
                                                                                                                                                                                                                                                                                                                                                                                                                                                                                                                                                                                                                                                                                           >>> ax5.errorbar([2, 4, 6, 8], meansf,  yerr=[[mean[0] - mean[1] for mean in cisf], [mean[2] - mean[0] for mean in cisf]], fmt='--o')
                                                                                                                                                                                                                                                                                                                                                                                                                                                                                                                                                                                                                                                                                           <Container object of 3 artists>
                                                                                                                                                                                                                                                                                                                                                                                                                                                                                                                                                                                                                                                                                           >>> plt.show()
                                                                                                                                                                                                                                                                                                                                                                                                                                                                                                                                                                                                                                                                                           >>> cis
                                                                                                                                                                                                                                                                                                                                                                                                                                                                                                                                                                                                                                                                                           [(25304.0, 24770.181539509835, 25837.818460490165), (38435.625, 38074.482779126265, 38796.767220873735), (50652.25, 50232.811963208318, 51071.688036791682), (64776.75, 63734.302379902249, 65819.197620097751)]
                                                                                                                                                                                                                                                                                                                                                                                                                                                                                                                                                                                                                                                                                           >>> cisf = [(25304.0, 20770.181539509835, 30837.818460490165), (38435.625, 37074.482779126265, 39796.767220873735), (50652.25, 45232.811963208318, 55071.688036791682), (64776.75, 60734.302379902249, 70819.197620097751)]
                                                                                                                                                                                                                                                                                                                                                                                                                                                                                                                                                                                                                                                                                           >>> fig6, ax6 = plt.subplots()>>> meansf = [mean[0] for mean in cisf]>>> ax6.errorbar([2, 4, 6, 8], meansf,  yerr=[[mean[0] - mean[1] for mean in cisf], [mean[2] - mean[0] for mean in cisf]], fmt='--o')
                                                                                                                                                                                                                                                                                                                                                                                                                                                                                                                                                                                                                                                                                           <Container object of 3 artists>
                                                                                                                                                                                                                                                                                                                                                                                                                                                                                                                                                                                                                                                                                           >>> plt.show()
                                                                                                                                                                                                                                                                                                                                                                                                                                                                                                                                                                                                                                                                                           >>> fig7, ax7 = plt.subplots()>>> ax7.errorbar([2, 4, 6, 8], means,  yerr=[[mean[0] - mean[1] for mean in cis], [mean[2] - mean[0] for mean in cis]], fmt='--o')
                                                                                                                                                                                                                                                                                                                                                                                                                                                                                                                                                                                                                                                                                           Traceback (most recent call last):
                                                                                                                                                                                                                                                                                                                                                                                                                                                                                                                                                                                                                                                                                             File "<stdin>", line 1, in <module>
                                                                                                                                                                                                                                                                                                                                                                                                                                                                                                                                                                                                                                                                                             NameError: name 'means' is not defined
                                                                                                                                                                                                                                                                                                                                                                                                                                                                                                                                                                                                                                                                                             >>> ax7.errorbar([2, 4, 6, 8], meanss,  yerr=[[mean[0] - mean[1] for mean in cis], [mean[2] - mean[0] for mean in cis]], fmt='--o')
                                                                                                                                                                                                                                                                                                                                                                                                                                                                                                                                                                                                                                                                                             <Container object of 3 artists>
                                                                                                                                                                                                                                                                                                                                                                                                                                                                                                                                                                                                                                                                                             >>> ax8 = ax7.twinx()
                                                                                                                                                                                                                                                                                                                                                                                                                                                                                                                                                                                                                                                                                             >>> ax7.errorbar([2, 4, 6, 8], meansk,  yerr=[[mean[0] - mean[1] for mean in cik], [mean[2] - mean[0] for mean in cik]], fmt='--o')
                                                                                                                                                                                                                                                                                                                                                                                                                                                                                                                                                                                                                                                                                             <Container object of 3 artists>
                                                                                                                                                                                                                                                                                                                                                                                                                                                                                                                                                                                                                                                                                             >>> plt.show()


